%!Adobe-FontList 1.11
%Locale:0x409

%BeginFont
Handler:DirectoryHandler
FontType:Invalid
OutlineFileName:C:\wamp\www\syren\Font\courier.php
FileModTime:1005501814
%EndFont

%BeginFont
Handler:DirectoryHandler
FontType:Invalid
OutlineFileName:C:\wamp\www\syren\Font\helvetica.php
FileModTime:1004673096
%EndFont

%BeginFont
Handler:DirectoryHandler
FontType:Invalid
OutlineFileName:C:\wamp\www\syren\Font\helveticab.php
FileModTime:1004673376
%EndFont

%BeginFont
Handler:DirectoryHandler
FontType:Invalid
OutlineFileName:C:\wamp\www\syren\Font\helveticabi.php
FileModTime:1004673558
%EndFont

%BeginFont
Handler:DirectoryHandler
FontType:Invalid
OutlineFileName:C:\wamp\www\syren\Font\helveticai.php
FileModTime:1004673462
%EndFont

%BeginFont
Handler:DirectoryHandler
FontType:Invalid
OutlineFileName:C:\wamp\www\syren\Font\symbol.php
FileModTime:1004824092
%EndFont

%BeginFont
Handler:DirectoryHandler
FontType:Invalid
OutlineFileName:C:\wamp\www\syren\Font\times.php
FileModTime:1004582494
%EndFont

%BeginFont
Handler:DirectoryHandler
FontType:Invalid
OutlineFileName:C:\wamp\www\syren\Font\timesb.php
FileModTime:1004672526
%EndFont

%BeginFont
Handler:DirectoryHandler
FontType:Invalid
OutlineFileName:C:\wamp\www\syren\Font\timesbi.php
FileModTime:1004672808
%EndFont

%BeginFont
Handler:DirectoryHandler
FontType:Invalid
OutlineFileName:C:\wamp\www\syren\Font\timesi.php
FileModTime:1004672764
%EndFont

%BeginFont
Handler:DirectoryHandler
FontType:Invalid
OutlineFileName:C:\wamp\www\syren\Font\zapfdingbats.php
FileModTime:1004902222
%EndFont

%BeginFont
Handler:DirectoryHandler
FontType:Invalid
OutlineFileName:C:\wamp\www\syren\Font\makefont\cp1250.map
FileModTime:1021149852
%EndFont

%BeginFont
Handler:DirectoryHandler
FontType:Invalid
OutlineFileName:C:\wamp\www\syren\Font\makefont\cp1251.map
FileModTime:1020105184
%EndFont

%BeginFont
Handler:DirectoryHandler
FontType:Invalid
OutlineFileName:C:\wamp\www\syren\Font\makefont\cp1252.map
FileModTime:1020105184
%EndFont

%BeginFont
Handler:DirectoryHandler
FontType:Invalid
OutlineFileName:C:\wamp\www\syren\Font\makefont\cp1253.map
FileModTime:1020622536
%EndFont

%BeginFont
Handler:DirectoryHandler
FontType:Invalid
OutlineFileName:C:\wamp\www\syren\Font\makefont\cp1254.map
FileModTime:1036204608
%EndFont

%BeginFont
Handler:DirectoryHandler
FontType:Invalid
OutlineFileName:C:\wamp\www\syren\Font\makefont\cp1255.map
FileModTime:1055716154
%EndFont

%BeginFont
Handler:DirectoryHandler
FontType:Invalid
OutlineFileName:C:\wamp\www\syren\Font\makefont\cp1257.map
FileModTime:1028143046
%EndFont

%BeginFont
Handler:DirectoryHandler
FontType:Invalid
OutlineFileName:C:\wamp\www\syren\Font\makefont\cp1258.map
FileModTime:1072842706
%EndFont

%BeginFont
Handler:DirectoryHandler
FontType:Invalid
OutlineFileName:C:\wamp\www\syren\Font\makefont\cp874.map
FileModTime:1045350244
%EndFont

%BeginFont
Handler:DirectoryHandler
FontType:Invalid
OutlineFileName:C:\wamp\www\syren\Font\makefont\iso-8859-1.map
FileModTime:1020871568
%EndFont

%BeginFont
Handler:DirectoryHandler
FontType:Invalid
OutlineFileName:C:\wamp\www\syren\Font\makefont\iso-8859-11.map
FileModTime:1045350154
%EndFont

%BeginFont
Handler:DirectoryHandler
FontType:Invalid
OutlineFileName:C:\wamp\www\syren\Font\makefont\iso-8859-15.map
FileModTime:1020871496
%EndFont

%BeginFont
Handler:DirectoryHandler
FontType:Invalid
OutlineFileName:C:\wamp\www\syren\Font\makefont\iso-8859-16.map
FileModTime:1020872980
%EndFont

%BeginFont
Handler:DirectoryHandler
FontType:Invalid
OutlineFileName:C:\wamp\www\syren\Font\makefont\iso-8859-2.map
FileModTime:1020871646
%EndFont

%BeginFont
Handler:DirectoryHandler
FontType:Invalid
OutlineFileName:C:\wamp\www\syren\Font\makefont\iso-8859-4.map
FileModTime:1028142750
%EndFont

%BeginFont
Handler:DirectoryHandler
FontType:Invalid
OutlineFileName:C:\wamp\www\syren\Font\makefont\iso-8859-5.map
FileModTime:1020879510
%EndFont

%BeginFont
Handler:DirectoryHandler
FontType:Invalid
OutlineFileName:C:\wamp\www\syren\Font\makefont\iso-8859-7.map
FileModTime:1020883482
%EndFont

%BeginFont
Handler:DirectoryHandler
FontType:Invalid
OutlineFileName:C:\wamp\www\syren\Font\makefont\iso-8859-9.map
FileModTime:1036274846
%EndFont

%BeginFont
Handler:DirectoryHandler
FontType:Invalid
OutlineFileName:C:\wamp\www\syren\Font\makefont\koi8-r.map
FileModTime:1020882152
%EndFont

%BeginFont
Handler:DirectoryHandler
FontType:Invalid
OutlineFileName:C:\wamp\www\syren\Font\makefont\koi8-u.map
FileModTime:1072655456
%EndFont

%BeginFont
Handler:DirectoryHandler
FontType:Invalid
OutlineFileName:C:\wamp\www\syren\Font\makefont\makefont.php
FileModTime:1104540208
%EndFont

